---
source: crates/sema/tests/check.rs
expression: "err(\"class Point:\\n    x: float\\n\\nfn main():\\n    pass\\n\")"
---
error: the `class` declaration is not supported yet (planned for M2)
 --> main.ty:1:1
  |
1 | / class Point:
2 | |     x: float
  | |____________^ not supported yet
  |
  = note: see DESIGN.md section 3.10 for the roadmap
