---
source: crates/sema/tests/check.rs
expression: dump
---
fn main() -> None
  local t: tuple<int, str>
  local unpack.1: tuple<int, str>
  local n: int
  local s: str
  t = (1:int, "a":str):tuple<int, str>
  unpack.1 = t:tuple<int, str>
  n = unpack.1:tuple<int, str>[0]:int
  s = unpack.1:tuple<int, str>[1]:str
